nftset=/charts.bitnami.com/4#inet#fw4#vpn_domains
nftset=/bitnami.com/4#inet#fw4#vpn_domains
nftset=/repo.broadcom.com/4#inet#fw4#vpn_domains
nftset=/broadcom.com/4#inet#fw4#vpn_domains
nftset=/ghcr.io/4#inet#fw4#vpn_domains
nftset=/goharbor.io/4#inet#fw4#vpn_domains
nftset=/helm.goharbor.io/4#inet#fw4#vpn_domains
nftset=/get.k3s.io/4#inet#fw4#vpn_domains
nftset=/k3s.io/4#inet#fw4#vpn_domains
nftset=/cilium.io/4#inet#fw4#vpn_domains
nftset=/ghcr.io/4#inet#fw4#vpn_domains
nftset=/*.ghcr.io/4#inet#fw4#vpn_domains
nftset=/api2.cursor.sh/4#inet#fw4#vpn_domains
nftset=/api3.cursor.sh/4#inet#fw4#vpn_domains
nftset=/api4.cursor.sh/4#inet#fw4#vpn_domains
nftset=/*.api5.cursor.sh/4#inet#fw4#vpn_domains
nftset=/repo42.cursor.sh/4#inet#fw4#vpn_domains
nftset=/*.authentication.cursor.sh/4#inet#fw4#vpn_domains
nftset=/authenticator.cursor.sh/4#inet#fw4#vpn_domains
nftset=/marketplace.cursorapi.com/4#inet#fw4#vpn_domains
nftset=/cursor-cdn.com/4#inet#fw4#vpn_domains
nftset=/downloads.cursor.com/4#inet#fw4#vpn_domains
nftset=/api5.cursor.sh/4#inet#fw4#vpn_domains
nftset=/api.anthropic.com/4#inet#fw4#vpn_domains
nftset=/claude.ai/4#inet#fw4#vpn_domains
nftset=/claude.com/4#inet#fw4#vpn_domains
nftset=/platform.claude.com/4#inet#fw4#vpn_domains
nftset=/mcp-proxy.anthropic.com/4#inet#fw4#vpn_domains
nftset=/bridge.claudeusercontent.com/4#inet#fw4#vpn_domains
nftset=/downloads.claude.ai/4#inet#fw4#vpn_domains
nftset=/storage.googleapis.com/4#inet#fw4#vpn_domains
nftset=/registry.npmjs.org/4#inet#fw4#vpn_domains
nftset=/raw.githubusercontent.com/4#inet#fw4#vpn_domains
nftset=/github.com/4#inet#fw4#vpn_domains
nftset=/objects.githubusercontent.com/4#inet#fw4#vpn_domains
nftset=/codeload.github.com/4#inet#fw4#vpn_domains
nftset=/statsig.anthropic.com/4#inet#fw4#vpn_domains
nftset=/sentry.io/4#inet#fw4#vpn_domains
nftset=/http-intake.logs.us5.datadoghq.com/4#inet#fw4#vpn_domains
nftset=/anthropic.com/4#inet#fw4#vpn_domains
nftset=/a-api.anthropic.com/4#inet#fw4#vpn_domains
nftset=/a-cdn.anthropic.com/4#inet#fw4#vpn_domains
nftset=/s-cdn.anthropic.com/4#inet#fw4#vpn_domains
nftset=/assets-proxy.anthropic.com/4#inet#fw4#vpn_domains
nftset=/a.claude.ai/4#inet#fw4#vpn_domains
nftset=/a-cdn.claude.ai/4#inet#fw4#vpn_domains
nftset=/assets.claude.ai/4#inet#fw4#vpn_domains
nftset=/claude.app/4#inet#fw4#vpn_domains
# Docker Hub (pull образов для k3s, MetalLB, KubeRay, vLLM)
nftset=/docker.io/4#inet#fw4#vpn_domains
nftset=/docker.com/4#inet#fw4#vpn_domains
nftset=/registry-1.docker.io/4#inet#fw4#vpn_domains
nftset=/auth.docker.io/4#inet#fw4#vpn_domains
nftset=/index.docker.io/4#inet#fw4#vpn_domains
nftset=/production.cloudflare.docker.com/4#inet#fw4#vpn_domains
nftset=/download.docker.com/4#inet#fw4#vpn_domains

# k3s releases (там лежат бинарники и образы)
nftset=/release.k3s.io/4#inet#fw4#vpn_domains
nftset=/update.k3s.io/4#inet#fw4#vpn_domains
nftset=/github.com/k3s-io/4#inet#fw4#vpn_domains

# MetalLB
nftset=/metallb.io/4#inet#fw4#vpn_domains
nftset=/metallb.github.io/4#inet#fw4#vpn_domains

# Quay.io (оттуда тянутся образы KubeRay и MetalLB)
nftset=/quay.io/4#inet#fw4#vpn_domains
nftset=/*.quay.io/4#inet#fw4#vpn_domains

# Официальные K8s образы (pause container и т.д.)
nftset=/registry.k8s.io/4#inet#fw4#vpn_domains

# Rancher (local-path-provisioner идёт оттуда)
nftset=/github.com/rancher/4#inet#fw4#vpn_domains

# Helm чарты
nftset=/metallb.github.io/4#inet#fw4#vpn_domains
nftset=/kuberay-helm.github.io/4#inet#fw4#vpn_domains

# Google (для некоторых образов)
nftset=/gcr.io/4#inet#fw4#vpn_domains
nftset=/*.gcr.io/4#inet#fw4#vpn_domains
