nftset=/seasonvar.ru/4#inet#fw4#vpn_domains
nftset=/linkedin.com/4#inet#fw4#vpn_domains
nftset=/rutor.info/4#inet#fw4#vpn_domains
nftset=/twitter.biz/4#inet#fw4#vpn_domains
nftset=/twitter.com/4#inet#fw4#vpn_domains
nftset=/twitter.jp/4#inet#fw4#vpn_domains
nftset=/twittercommunity.com/4#inet#fw4#vpn_domains
nftset=/twitterflightschool.com/4#inet#fw4#vpn_domains
nftset=/twitterinc.com/4#inet#fw4#vpn_domains
nftset=/twitteroauth.com/4#inet#fw4#vpn_domains
nftset=/twitterstat.us/4#inet#fw4#vpn_domains
nftset=/googleapis.com/4#inet#fw4#vpn_domains
nftset=/googletagmanager.com/4#inet#fw4#vpn_domains
nftset=/googlevideo.com/4#inet#fw4#vpn_domains
nftset=/youtube.com/4#inet#fw4#vpn_domains
nftset=/youtubekids.com/4#inet#fw4#vpn_domains
nftset=/twitter.com/4#inet#fw4#vpn_domains
nftset=/x.com/4#inet#fw4#vpn_domains
nftset=/pornhub.com/4#inet#fw4#vpn_domains
nftset=/rutracker.org/4#inet#fw4#vpn_domains
nftset=/nnmclub.to/4#inet#fw4#vpn_domains
nftset=/cdninstagram.com/4#inet#fw4#vpn_domains
nftset=/instagram.com/4#inet#fw4#vpn_domains
nftset=/proton.me/4#inet#fw4#vpn_domains
nftset=/protonmail.ch/4#inet#fw4#vpn_domains
nftset=/protonmail.com/4#inet#fw4#vpn_domains
nftset=/godaddy.com/4#inet#fw4#vpn_domains
nftset=/4pda.ru/4#inet#fw4#vpn_domains
nftset=/4pda.to/4#inet#fw4#vpn_domains
nftset=/miro.com/4#inet#fw4#vpn_domains
nftset=/speedtest.net/4#inet#fw4#vpn_domains
nftset=/medium.com/4#inet#fw4#vpn_domains
nftset=/grafana.com/4#inet#fw4#vpn_domains


