nftset=/charts.bitnami.com/4#inet#fw4#vpn_domains
nftset=/bitnami.com/4#inet#fw4#vpn_domains
nftset=/repo.broadcom.com/4#inet#fw4#vpn_domains
nftset=/broadcom.com/4#inet#fw4#vpn_domains
nftset=/ghcr.io/4#inet#fw4#vpn_domains
nftset=/goharbor.io/4#inet#fw4#vpn_domains
nftset=/helm.goharbor.io/4#inet#fw4#vpn_domains
nftset=/get.k3s.io/4#inet#fw4#vpn_domains
nftset=/k3s.io/4#inet#fw4#vpn_domains
nftset=/cilium.io/4#inet#fw4#vpn_domains
nftset=/ghcr.io/4#inet#fw4#vpn_domains
nftset=/*.ghcr.io/4#inet#fw4#vpn_domains
nftset=/api2.cursor.sh/4#inet#fw4#vpn_domains
nftset=/api3.cursor.sh/4#inet#fw4#vpn_domains
nftset=/api4.cursor.sh/4#inet#fw4#vpn_domains
nftset=/*.api5.cursor.sh/4#inet#fw4#vpn_domains
nftset=/repo42.cursor.sh/4#inet#fw4#vpn_domains
nftset=/*.authentication.cursor.sh/4#inet#fw4#vpn_domains
nftset=/authenticator.cursor.sh/4#inet#fw4#vpn_domains
nftset=/marketplace.cursorapi.com/4#inet#fw4#vpn_domains
nftset=/cursor-cdn.com/4#inet#fw4#vpn_domains
nftset=/downloads.cursor.com/4#inet#fw4#vpn_domains
nftset=/api5.cursor.sh/4#inet#fw4#vpn_domains
