nftset=/seasonvar.ru/4#inet#fw4#vpn_domains
nftset=/linkedin.com/4#inet#fw4#vpn_domains
nftset=/rutor.info/4#inet#fw4#vpn_domains
nftset=/googleapis.com/4#inet#fw4#vpn_domains
nftset=/googletagmanager.com/4#inet#fw4#vpn_domains
nftset=/googlevideo.com/4#inet#fw4#vpn_domains
nftset=/youtube.com/4#inet#fw4#vpn_domains
nftset=/youtubekids.com/4#inet#fw4#vpn_domains
nftset=/rutracker.org/4#inet#fw4#vpn_domains
nftset=/nnmclub.to/4#inet#fw4#vpn_domains
nftset=/cdninstagram.com/4#inet#fw4#vpn_domains
nftset=/instagram.com/4#inet#fw4#vpn_domains
nftset=/proton.me/4#inet#fw4#vpn_domains
nftset=/protonmail.ch/4#inet#fw4#vpn_domains
nftset=/protonmail.com/4#inet#fw4#vpn_domains
nftset=/pyoutu.be/4#inet#fw4#vpn_domains
nftset=/godaddy.com/4#inet#fw4#vpn_domains
nftset=/4pda.ru/4#inet#fw4#vpn_domains
nftset=/4pda.to/4#inet#fw4#vpn_domains
nftset=/miro.com/4#inet#fw4#vpn_domains
nftset=/speedtest.net/4#inet#fw4#vpn_domains
nftset=/medium.com/4#inet#fw4#vpn_domains
nftset=/grafana.com/4#inet#fw4#vpn_domains
nftset=/google.com/4#inet#fw4#vpn_domains
nftset=/lh3.googleusercontent.com/4#inet#fw4#vpn_domains
nftset=/gstatic.com/4#inet#fw4#vpn_domains
nftset=/ogads-pa.clients6.google.com/4#inet#fw4#vpn_domains
nftset=/apis.google.com/4#inet#fw4#vpn_domains
nftset=/accounts.google.com/4#inet#fw4#vpn_domains
nftset=/waa-pa.clients6.google.com/4#inet#fw4#vpn_domains
nftset=/ogs.google.com/4#inet#fw4#vpn_domains
nftset=/cdn.bigsv.ru/4#inet#fw4#vpn_domains
nftset=/cdn.trafficbass.com/4#inet#fw4#vpn_domains
nftset=/z.cdn.trafficbass.com/4#inet#fw4#vpn_domains
nftset=/z.cdn.adtwister.me/4#inet#fw4#vpn_domains
nftset=/pornhub.com/4#inet#fw4#vpn_domains
nftset=/rt.pornhub.com/4#inet#fw4#vpn_domains
nftset=/yt3.ggpht.com/4#inet#fw4#vpn_domains
nftset=/googlevideo.com/4#inet#fw4#vpn_domains
nftset=/accounts.youtube.com/4#inet#fw4#vpn_domains
nftset=/studio.youtube.com/4#inet#fw4#vpn_domains
nftset=/play.google.com/4#inet#fw4#vpn_domains
nftset=/gstatic.com/4#inet#fw4#vpn_domains
nftset=/fonts.gstatic.com/4#inet#fw4#vpn_domains
nftset=/googleads.g.doubleclick.net/4#inet#fw4#vpn_domains
nftset=/googleads.g.doubleclick.net/4#inet#fw4#vpn_domains
nftset=/static.doubleclick.net/4#inet#fw4#vpn_domains
nftset=/wide-youtube.l.google.com/4#inet#fw4#vpn_domains
nftset=/youtube-nocookie.com/4#inet#fw4#vpn_domains
nftset=/youtube-ui.l.google.com/4#inet#fw4#vpn_domains
nftset=/youtube.com/4#inet#fw4#vpn_domains
nftset=/youtubeembeddedplayer.googleapis.com/4#inet#fw4#vpn_domains
nftset=/youtubei.googleapis.com/4#inet#fw4#vpn_domains
nftset=/youtubekids.com/4#inet#fw4#vpn_domains
nftset=/yt-video-upload.l.google.com/4#inet#fw4#vpn_domains
nftset=/ytimg.com/4#inet#fw4#vpn_domains
nftset=/ytimg.l.google.com/4#inet#fw4#vpn_domains
nftset=/yting.com/4#inet#fw4#vpn_domains
nftset=/cdnbunny.org/4#inet#fw4#vpn_domains
nftset=/ajax.googleapis.com/4#inet#fw4#vpn_domains
nftset=/myroledance.com/4#inet#fw4#vpn_domains
nftset=/vak345.com/4#inet#fw4#vpn_domains
nftset=/kllastroad.com/4#inet#fw4#vpn_domains
nftset=/logger.moviead55.ru/4#inet#fw4#vpn_domains
